// Jest Snapshot v1, https://goo.gl/fbAQLP

exports[`HomePage Tests should test AppBar component 1`] = `
Array [
  <div
    className="d-flex flex-column flex-nowrap"
    style={
      Object {
        "border": "1px solid #6afa6ba",
        "width": "10%",
      }
    }
  >
    Media Index
  </div>,
  <div
    className="d-flex flex-column flex-nowrap"
    style={
      Object {
        "border": "1px solid #6afa6ba",
        "width": "10%",
      }
    }
  >
    ACP
  </div>,
  <div
    className="d-flex flex-column flex-nowrap"
    style={
      Object {
        "border": "1px solid #6afa6ba",
        "width": "10%",
      }
    }
  >
    OLS
  </div>,
]
`;

exports[`HomePage Tests should test Snapshot component 1`] = `
<div>
  snaphost!
</div>
`;
